  Determining projects to restore...
  All projects are up-to-date for restore.
  Graduation-Project.ML -> D:\Youssef\Projects\_Graduation Project\Project Repo\Graduation-project\Graduation-Project.ML\bin\Debug\net8.0\Graduation-Project.ML.dll
  DomainLayer -> D:\Youssef\Projects\_Graduation Project\Project Repo\Graduation-project\Core\DomainLayer\bin\Debug\net8.0\DomainLayer.dll
  Shared -> D:\Youssef\Projects\_Graduation Project\Project Repo\Graduation-project\Shared\bin\Debug\net8.0\Shared.dll
  Presistence -> D:\Youssef\Projects\_Graduation Project\Project Repo\Graduation-project\Infrastructure\Presistence\bin\Debug\net8.0\Presistence.dll
  ServiceAbstraction -> D:\Youssef\Projects\_Graduation Project\Project Repo\Graduation-project\Core\ServiceAbstraction\bin\Debug\net8.0\ServiceAbstraction.dll
  Presentation -> D:\Youssef\Projects\_Graduation Project\Project Repo\Graduation-project\Infrastructure\Presentation\bin\Debug\net8.0\Presentation.dll
D:\Youssef\Projects\_Graduation Project\Project Repo\Graduation-project\Core\Service\Services\AuditLogService.cs(60,41): warning CS8613: Nullability of reference types in return type of 'Task<AuditLogDto?> AuditLogService.GetAuditLogByIdAsync(int logId)' doesn't match implicitly implemented member 'Task<AuditLogDto> IAuditLogService.GetAuditLogByIdAsync(int logId)'. [D:\Youssef\Projects\_Graduation Project\Project Repo\Graduation-project\Core\Service\Service.csproj]
D:\Youssef\Projects\_Graduation Project\Project Repo\Graduation-project\Core\Service\Services\CoachReviewService.cs(31,44): warning CS8613: Nullability of reference types in return type of 'Task<CoachReviewDto?> CoachReviewService.GetReviewByIdAsync(int reviewId)' doesn't match implicitly implemented member 'Task<CoachReviewDto> ICoachReviewService.GetReviewByIdAsync(int reviewId)'. [D:\Youssef\Projects\_Graduation Project\Project Repo\Graduation-project\Core\Service\Service.csproj]
D:\Youssef\Projects\_Graduation Project\Project Repo\Graduation-project\Core\Service\Services\CoachReviewService.cs(51,44): warning CS8613: Nullability of reference types in return type of 'Task<CoachReviewDto?> CoachReviewService.UpdateReviewAsync(int reviewId, int userId, UpdateCoachReviewDto dto)' doesn't match implicitly implemented member 'Task<CoachReviewDto> ICoachReviewService.UpdateReviewAsync(int reviewId, int userId, UpdateCoachReviewDto dto)'. [D:\Youssef\Projects\_Graduation Project\Project Repo\Graduation-project\Core\Service\Service.csproj]
D:\Youssef\Projects\_Graduation Project\Project Repo\Graduation-project\Core\Service\Services\UserMilestoneService.cs(20,46): warning CS8613: Nullability of reference types in return type of 'Task<UserMilestoneDto?> UserMilestoneService.GetUserMilestoneAsync(int userId, int milestoneId)' doesn't match implicitly implemented member 'Task<UserMilestoneDto> IUserMilestoneService.GetUserMilestoneAsync(int userId, int milestoneId)'. [D:\Youssef\Projects\_Graduation Project\Project Repo\Graduation-project\Core\Service\Service.csproj]
D:\Youssef\Projects\_Graduation Project\Project Repo\Graduation-project\Core\Service\Services\UserMilestoneService.cs(44,46): warning CS8613: Nullability of reference types in return type of 'Task<UserMilestoneDto?> UserMilestoneService.UpdateMilestoneProgressAsync(int userId, UpdateUserMilestoneProgressDto dto)' doesn't match implicitly implemented member 'Task<UserMilestoneDto> IUserMilestoneService.UpdateMilestoneProgressAsync(int userId, UpdateUserMilestoneProgressDto dto)'. [D:\Youssef\Projects\_Graduation Project\Project Repo\Graduation-project\Core\Service\Service.csproj]
D:\Youssef\Projects\_Graduation Project\Project Repo\Graduation-project\Core\Service\Services\UserMilestoneService.cs(68,46): warning CS8613: Nullability of reference types in return type of 'Task<UserMilestoneDto?> UserMilestoneService.CompleteMilestoneAsync(int userId, CompleteMilestoneDto dto)' doesn't match implicitly implemented member 'Task<UserMilestoneDto> IUserMilestoneService.CompleteMilestoneAsync(int userId, CompleteMilestoneDto dto)'. [D:\Youssef\Projects\_Graduation Project\Project Repo\Graduation-project\Core\Service\Service.csproj]
D:\Youssef\Projects\_Graduation Project\Project Repo\Graduation-project\Core\Service\Services\NotificationService.cs(41,45): warning CS8613: Nullability of reference types in return type of 'Task<NotificationDto?> NotificationService.GetNotificationByIdAsync(int notificationId)' doesn't match implicitly implemented member 'Task<NotificationDto> INotificationService.GetNotificationByIdAsync(int notificationId)'. [D:\Youssef\Projects\_Graduation Project\Project Repo\Graduation-project\Core\Service\Service.csproj]
D:\Youssef\Projects\_Graduation Project\Project Repo\Graduation-project\Core\Service\Services\NotificationService.cs(58,45): warning CS8613: Nullability of reference types in return type of 'Task<NotificationDto?> NotificationService.MarkAsReadAsync(int notificationId)' doesn't match implicitly implemented member 'Task<NotificationDto> INotificationService.MarkAsReadAsync(int notificationId)'. [D:\Youssef\Projects\_Graduation Project\Project Repo\Graduation-project\Core\Service\Service.csproj]
D:\Youssef\Projects\_Graduation Project\Project Repo\Graduation-project\Core\Service\Services\TokenTransactionService.cs(88,49): warning CS8613: Nullability of reference types in return type of 'Task<TokenTransactionDto?> TokenTransactionService.GetTransactionByIdAsync(int transactionId)' doesn't match implicitly implemented member 'Task<TokenTransactionDto> ITokenTransactionService.GetTransactionByIdAsync(int transactionId)'. [D:\Youssef\Projects\_Graduation Project\Project Repo\Graduation-project\Core\Service\Service.csproj]
D:\Youssef\Projects\_Graduation Project\Project Repo\Graduation-project\Core\Service\Services\WorkoutLogService.cs(31,43): warning CS8613: Nullability of reference types in return type of 'Task<WorkoutLogDto?> WorkoutLogService.GetWorkoutLogByIdAsync(int logId)' doesn't match implicitly implemented member 'Task<WorkoutLogDto> IWorkoutLogService.GetWorkoutLogByIdAsync(int logId)'. [D:\Youssef\Projects\_Graduation Project\Project Repo\Graduation-project\Core\Service\Service.csproj]
D:\Youssef\Projects\_Graduation Project\Project Repo\Graduation-project\Core\Service\Services\WorkoutLogService.cs(53,43): warning CS8613: Nullability of reference types in return type of 'Task<WorkoutLogDto?> WorkoutLogService.UpdateWorkoutLogAsync(int logId, UpdateWorkoutLogDto dto)' doesn't match implicitly implemented member 'Task<WorkoutLogDto> IWorkoutLogService.UpdateWorkoutLogAsync(int logId, UpdateWorkoutLogDto dto)'. [D:\Youssef\Projects\_Graduation Project\Project Repo\Graduation-project\Core\Service\Service.csproj]
D:\Youssef\Projects\_Graduation Project\Project Repo\Graduation-project\Core\Service\Services\WorkoutTemplateService.cs(44,48): warning CS8613: Nullability of reference types in return type of 'Task<WorkoutTemplateDto?> WorkoutTemplateService.GetTemplateByIdAsync(int templateId)' doesn't match implicitly implemented member 'Task<WorkoutTemplateDto> IWorkoutTemplateService.GetTemplateByIdAsync(int templateId)'. [D:\Youssef\Projects\_Graduation Project\Project Repo\Graduation-project\Core\Service\Service.csproj]
D:\Youssef\Projects\_Graduation Project\Project Repo\Graduation-project\Core\Service\Services\WorkoutTemplateService.cs(78,48): warning CS8613: Nullability of reference types in return type of 'Task<WorkoutTemplateDto?> WorkoutTemplateService.UpdateTemplateAsync(int templateId, int coachId, UpdateWorkoutTemplateDto dto)' doesn't match implicitly implemented member 'Task<WorkoutTemplateDto> IWorkoutTemplateService.UpdateTemplateAsync(int templateId, int coachId, UpdateWorkoutTemplateDto dto)'. [D:\Youssef\Projects\_Graduation Project\Project Repo\Graduation-project\Core\Service\Service.csproj]
D:\Youssef\Projects\_Graduation Project\Project Repo\Graduation-project\Core\Service\Services\AI\WorkoutOrchestrationService.cs(205,40): error CS0311: The type 'IntelliFit.Domain.Models.WorkoutPlan' cannot be used as type parameter 'TEntity' in the generic type or method 'IUnitOfWork.GetRepository<TEntity, TKey>()'. There is no implicit reference conversion from 'IntelliFit.Domain.Models.WorkoutPlan' to 'DomainLayer.Models.BaseEntity<int>'. [D:\Youssef\Projects\_Graduation Project\Project Repo\Graduation-project\Core\Service\Service.csproj]
D:\Youssef\Projects\_Graduation Project\Project Repo\Graduation-project\Core\Service\Services\AI\WorkoutOrchestrationService.cs(399,41): warning CS1998: This async method lacks 'await' operators and will run synchronously. Consider using the 'await' operator to await non-blocking API calls, or 'await Task.Run(...)' to do CPU-bound work on a background thread. [D:\Youssef\Projects\_Graduation Project\Project Repo\Graduation-project\Core\Service\Service.csproj]

Build FAILED.

D:\Youssef\Projects\_Graduation Project\Project Repo\Graduation-project\Core\Service\Services\AuditLogService.cs(60,41): warning CS8613: Nullability of reference types in return type of 'Task<AuditLogDto?> AuditLogService.GetAuditLogByIdAsync(int logId)' doesn't match implicitly implemented member 'Task<AuditLogDto> IAuditLogService.GetAuditLogByIdAsync(int logId)'. [D:\Youssef\Projects\_Graduation Project\Project Repo\Graduation-project\Core\Service\Service.csproj]
D:\Youssef\Projects\_Graduation Project\Project Repo\Graduation-project\Core\Service\Services\CoachReviewService.cs(31,44): warning CS8613: Nullability of reference types in return type of 'Task<CoachReviewDto?> CoachReviewService.GetReviewByIdAsync(int reviewId)' doesn't match implicitly implemented member 'Task<CoachReviewDto> ICoachReviewService.GetReviewByIdAsync(int reviewId)'. [D:\Youssef\Projects\_Graduation Project\Project Repo\Graduation-project\Core\Service\Service.csproj]
D:\Youssef\Projects\_Graduation Project\Project Repo\Graduation-project\Core\Service\Services\CoachReviewService.cs(51,44): warning CS8613: Nullability of reference types in return type of 'Task<CoachReviewDto?> CoachReviewService.UpdateReviewAsync(int reviewId, int userId, UpdateCoachReviewDto dto)' doesn't match implicitly implemented member 'Task<CoachReviewDto> ICoachReviewService.UpdateReviewAsync(int reviewId, int userId, UpdateCoachReviewDto dto)'. [D:\Youssef\Projects\_Graduation Project\Project Repo\Graduation-project\Core\Service\Service.csproj]
D:\Youssef\Projects\_Graduation Project\Project Repo\Graduation-project\Core\Service\Services\UserMilestoneService.cs(20,46): warning CS8613: Nullability of reference types in return type of 'Task<UserMilestoneDto?> UserMilestoneService.GetUserMilestoneAsync(int userId, int milestoneId)' doesn't match implicitly implemented member 'Task<UserMilestoneDto> IUserMilestoneService.GetUserMilestoneAsync(int userId, int milestoneId)'. [D:\Youssef\Projects\_Graduation Project\Project Repo\Graduation-project\Core\Service\Service.csproj]
D:\Youssef\Projects\_Graduation Project\Project Repo\Graduation-project\Core\Service\Services\UserMilestoneService.cs(44,46): warning CS8613: Nullability of reference types in return type of 'Task<UserMilestoneDto?> UserMilestoneService.UpdateMilestoneProgressAsync(int userId, UpdateUserMilestoneProgressDto dto)' doesn't match implicitly implemented member 'Task<UserMilestoneDto> IUserMilestoneService.UpdateMilestoneProgressAsync(int userId, UpdateUserMilestoneProgressDto dto)'. [D:\Youssef\Projects\_Graduation Project\Project Repo\Graduation-project\Core\Service\Service.csproj]
D:\Youssef\Projects\_Graduation Project\Project Repo\Graduation-project\Core\Service\Services\UserMilestoneService.cs(68,46): warning CS8613: Nullability of reference types in return type of 'Task<UserMilestoneDto?> UserMilestoneService.CompleteMilestoneAsync(int userId, CompleteMilestoneDto dto)' doesn't match implicitly implemented member 'Task<UserMilestoneDto> IUserMilestoneService.CompleteMilestoneAsync(int userId, CompleteMilestoneDto dto)'. [D:\Youssef\Projects\_Graduation Project\Project Repo\Graduation-project\Core\Service\Service.csproj]
D:\Youssef\Projects\_Graduation Project\Project Repo\Graduation-project\Core\Service\Services\NotificationService.cs(41,45): warning CS8613: Nullability of reference types in return type of 'Task<NotificationDto?> NotificationService.GetNotificationByIdAsync(int notificationId)' doesn't match implicitly implemented member 'Task<NotificationDto> INotificationService.GetNotificationByIdAsync(int notificationId)'. [D:\Youssef\Projects\_Graduation Project\Project Repo\Graduation-project\Core\Service\Service.csproj]
D:\Youssef\Projects\_Graduation Project\Project Repo\Graduation-project\Core\Service\Services\NotificationService.cs(58,45): warning CS8613: Nullability of reference types in return type of 'Task<NotificationDto?> NotificationService.MarkAsReadAsync(int notificationId)' doesn't match implicitly implemented member 'Task<NotificationDto> INotificationService.MarkAsReadAsync(int notificationId)'. [D:\Youssef\Projects\_Graduation Project\Project Repo\Graduation-project\Core\Service\Service.csproj]
D:\Youssef\Projects\_Graduation Project\Project Repo\Graduation-project\Core\Service\Services\TokenTransactionService.cs(88,49): warning CS8613: Nullability of reference types in return type of 'Task<TokenTransactionDto?> TokenTransactionService.GetTransactionByIdAsync(int transactionId)' doesn't match implicitly implemented member 'Task<TokenTransactionDto> ITokenTransactionService.GetTransactionByIdAsync(int transactionId)'. [D:\Youssef\Projects\_Graduation Project\Project Repo\Graduation-project\Core\Service\Service.csproj]
D:\Youssef\Projects\_Graduation Project\Project Repo\Graduation-project\Core\Service\Services\WorkoutLogService.cs(31,43): warning CS8613: Nullability of reference types in return type of 'Task<WorkoutLogDto?> WorkoutLogService.GetWorkoutLogByIdAsync(int logId)' doesn't match implicitly implemented member 'Task<WorkoutLogDto> IWorkoutLogService.GetWorkoutLogByIdAsync(int logId)'. [D:\Youssef\Projects\_Graduation Project\Project Repo\Graduation-project\Core\Service\Service.csproj]
D:\Youssef\Projects\_Graduation Project\Project Repo\Graduation-project\Core\Service\Services\WorkoutLogService.cs(53,43): warning CS8613: Nullability of reference types in return type of 'Task<WorkoutLogDto?> WorkoutLogService.UpdateWorkoutLogAsync(int logId, UpdateWorkoutLogDto dto)' doesn't match implicitly implemented member 'Task<WorkoutLogDto> IWorkoutLogService.UpdateWorkoutLogAsync(int logId, UpdateWorkoutLogDto dto)'. [D:\Youssef\Projects\_Graduation Project\Project Repo\Graduation-project\Core\Service\Service.csproj]
D:\Youssef\Projects\_Graduation Project\Project Repo\Graduation-project\Core\Service\Services\WorkoutTemplateService.cs(44,48): warning CS8613: Nullability of reference types in return type of 'Task<WorkoutTemplateDto?> WorkoutTemplateService.GetTemplateByIdAsync(int templateId)' doesn't match implicitly implemented member 'Task<WorkoutTemplateDto> IWorkoutTemplateService.GetTemplateByIdAsync(int templateId)'. [D:\Youssef\Projects\_Graduation Project\Project Repo\Graduation-project\Core\Service\Service.csproj]
D:\Youssef\Projects\_Graduation Project\Project Repo\Graduation-project\Core\Service\Services\WorkoutTemplateService.cs(78,48): warning CS8613: Nullability of reference types in return type of 'Task<WorkoutTemplateDto?> WorkoutTemplateService.UpdateTemplateAsync(int templateId, int coachId, UpdateWorkoutTemplateDto dto)' doesn't match implicitly implemented member 'Task<WorkoutTemplateDto> IWorkoutTemplateService.UpdateTemplateAsync(int templateId, int coachId, UpdateWorkoutTemplateDto dto)'. [D:\Youssef\Projects\_Graduation Project\Project Repo\Graduation-project\Core\Service\Service.csproj]
D:\Youssef\Projects\_Graduation Project\Project Repo\Graduation-project\Core\Service\Services\AI\WorkoutOrchestrationService.cs(399,41): warning CS1998: This async method lacks 'await' operators and will run synchronously. Consider using the 'await' operator to await non-blocking API calls, or 'await Task.Run(...)' to do CPU-bound work on a background thread. [D:\Youssef\Projects\_Graduation Project\Project Repo\Graduation-project\Core\Service\Service.csproj]
D:\Youssef\Projects\_Graduation Project\Project Repo\Graduation-project\Core\Service\Services\AI\WorkoutOrchestrationService.cs(205,40): error CS0311: The type 'IntelliFit.Domain.Models.WorkoutPlan' cannot be used as type parameter 'TEntity' in the generic type or method 'IUnitOfWork.GetRepository<TEntity, TKey>()'. There is no implicit reference conversion from 'IntelliFit.Domain.Models.WorkoutPlan' to 'DomainLayer.Models.BaseEntity<int>'. [D:\Youssef\Projects\_Graduation Project\Project Repo\Graduation-project\Core\Service\Service.csproj]
    14 Warning(s)
    1 Error(s)

Time Elapsed 00:00:01.68
